src/services/dashboardService.ts(32,16): error TS18046: 'response' is of type 'unknown'.
