­şöğ Initializing Supabase Client...
   URL: https://laltmysfkyppkqykggmh.supabase.co
   Key Length: 219
[32m[Nest] 8744  - [39m18.02.2026 09:21:18 [32m    LOG[39m [38;5;3m[NestFactory] [39m[32mStarting Nest application...[39m
[32m[Nest] 8744  - [39m18.02.2026 09:21:18 [32m    LOG[39m [38;5;3m[InstanceLoader] [39m[32mConfigHostModule dependencies initialized[39m[38;5;3m +24ms[39m
[32m[Nest] 8744  - [39m18.02.2026 09:21:18 [32m    LOG[39m [38;5;3m[InstanceLoader] [39m[32mAppModule dependencies initialized[39m[38;5;3m +1ms[39m
[32m[Nest] 8744  - [39m18.02.2026 09:21:18 [32m    LOG[39m [38;5;3m[InstanceLoader] [39m[32mUsersModule dependencies initialized[39m[38;5;3m +0ms[39m
[32m[Nest] 8744  - [39m18.02.2026 09:21:18 [32m    LOG[39m [38;5;3m[InstanceLoader] [39m[32mClientsModule dependencies initialized[39m[38;5;3m +0ms[39m
[32m[Nest] 8744  - [39m18.02.2026 09:21:18 [32m    LOG[39m [38;5;3m[InstanceLoader] [39m[32mProjectsModule dependencies initialized[39m[38;5;3m +0ms[39m
[32m[Nest] 8744  - [39m18.02.2026 09:21:18 [32m    LOG[39m [38;5;3m[InstanceLoader] [39m[32mInventoryModule dependencies initialized[39m[38;5;3m +0ms[39m
[32m[Nest] 8744  - [39m18.02.2026 09:21:18 [32m    LOG[39m [38;5;3m[InstanceLoader] [39m[32mBookingsModule dependencies initialized[39m[38;5;3m +0ms[39m
[32m[Nest] 8744  - [39m18.02.2026 09:21:18 [32m    LOG[39m [38;5;3m[InstanceLoader] [39m[32mTasksModule dependencies initialized[39m[38;5;3m +0ms[39m
[32m[Nest] 8744  - [39m18.02.2026 09:21:18 [32m    LOG[39m [38;5;3m[InstanceLoader] [39m[32mTimeEntriesModule dependencies initialized[39m[38;5;3m +1ms[39m
[32m[Nest] 8744  - [39m18.02.2026 09:21:18 [32m    LOG[39m [38;5;3m[InstanceLoader] [39m[32mCustomerRequestsModule dependencies initialized[39m[38;5;3m +0ms[39m
[32m[Nest] 8744  - [39m18.02.2026 09:21:18 [32m    LOG[39m [38;5;3m[InstanceLoader] [39m[32mFinanceModule dependencies initialized[39m[38;5;3m +0ms[39m
[32m[Nest] 8744  - [39m18.02.2026 09:21:18 [32m    LOG[39m [38;5;3m[InstanceLoader] [39m[32mNotificationsModule dependencies initialized[39m[38;5;3m +0ms[39m
[32m[Nest] 8744  - [39m18.02.2026 09:21:18 [32m    LOG[39m [38;5;3m[InstanceLoader] [39m[32mDashboardModule dependencies initialized[39m[38;5;3m +0ms[39m
[32m[Nest] 8744  - [39m18.02.2026 09:21:18 [32m    LOG[39m [38;5;3m[InstanceLoader] [39m[32mLogsModule dependencies initialized[39m[38;5;3m +0ms[39m
[32m[Nest] 8744  - [39m18.02.2026 09:21:18 [32m    LOG[39m [38;5;3m[InstanceLoader] [39m[32mReportsModule dependencies initialized[39m[38;5;3m +0ms[39m
[32m[Nest] 8744  - [39m18.02.2026 09:21:18 [32m    LOG[39m [38;5;3m[InstanceLoader] [39m[32mAuthModule dependencies initialized[39m[38;5;3m +0ms[39m
[32m[Nest] 8744  - [39m18.02.2026 09:21:18 [32m    LOG[39m [38;5;3m[InstanceLoader] [39m[32mConfigModule dependencies initialized[39m[38;5;3m +0ms[39m
[32m[Nest] 8744  - [39m18.02.2026 09:21:18 [32m    LOG[39m [38;5;3m[MailService] [39m[32m­şôğ Mail config: smtp.yandex.com.tr:465 (secure: true)[39m
[32m[Nest] 8744  - [39m18.02.2026 09:21:18 [32m    LOG[39m [38;5;3m[MailService] [39m[32m­şôğ Mail user: pazarlama@izmiracikhavareklam.com[39m
[32m[Nest] 8744  - [39m18.02.2026 09:21:18 [32m    LOG[39m [38;5;3m[InstanceLoader] [39m[32mMailModule dependencies initialized[39m[38;5;3m +0ms[39m
[32m[Nest] 8744  - [39m18.02.2026 09:21:18 [32m    LOG[39m [38;5;3m[InstanceLoader] [39m[32mProposalsModule dependencies initialized[39m[38;5;3m +0ms[39m
Testing mail for ali@izmiracikhavareklam.com...
Password length: 10
[32m[Nest] 8744  - [39m18.02.2026 09:21:18 [32m    LOG[39m [38;5;3m[MailService] [39m[32m­şôğ Using Ali credentials for sending.[39m
[32m[Nest] 8744  - [39m18.02.2026 09:21:18 [32m    LOG[39m [38;5;3m[MailService] [39m[32m­şôğ Attempt 1/3: Sending email to odindev@gmail.com from ali@izmiracikhavareklam.com...[39m
node.exe : [31m[Nest] 8744 
 - [39m18.02.2026 09:21:19 
[31m  ERROR[39m [38;5;3m[
MailService] [39m[31mÔØî A
ttempt 1/3 failed:[39m
At C:\Program Files\nodejs\n
px.ps1:29 char:3
+   & $NODE_EXE $NPX_CLI_JS 
$args
+   ~~~~~~~~~~~~~~~~~~~~~~~~
~~~~~
    + CategoryInfo          
    : NotSpecified: ([31m  
  [Nest] 874.../3 failed:   
 [39m:String) [], Remot    
eException
    + FullyQualifiedErrorId 
    : NativeCommandError
 
Invalid login: 535 5.7.8 Err
or: authentication failed: I
nvalid user or password! 177
1395679-ILTSklIGN8c0
[32m[Nest] 8744  - [39m18.02.2026 09:21:19 [32m    LOG[39m [38;5;3m[MailService] [39m[32m­şôğ Attempt 2/3: Sending email to odindev@gmail.com from ali@izmiracikhavareklam.com...[39m
[31m[Nest] 8744  - [39m18.
02.2026 09:21:20 [31m  ERRO
R[39m [38;5;3m[MailService
] [39m[31mÔØî Attempt 2/3 
failed:[39m
Invalid login: 535 5.7.8 Err
or: authentication failed: I
nvalid user or password! 177
1395679-JLT60dJGsuQ0
[32m[Nest] 8744  - [39m18.02.2026 09:21:20 [32m    LOG[39m [38;5;3m[MailService] [39m[32m­şôğ Attempt 3/3: Sending email to odindev@gmail.com from ali@izmiracikhavareklam.com...[39m
[31m[Nest] 8744  - [39m18.
02.2026 09:21:20 [31m  ERRO
R[39m [38;5;3m[MailService
] [39m[31mÔØî Attempt 3/3 
failed:[39m
Invalid login: 535 5.7.8 Err
or: authentication failed: I
nvalid user or password! 177
1395680-KLT5wZJG1Os0
[31m[Nest] 8744  - [39m18.
02.2026 09:21:20 [31m  ERRO
R[39m [38;5;3m[MailService
] [39m[31mÔØî All 3 attemp
ts failed for odindev@gmail.
com:[39m
[31m[Nest] 8744  - [39m18.
02.2026 09:21:20 [31m  ERRO
R[39m [38;5;3m[MailService
] [39m[31mError: Invalid l
ogin: 535 5.7.8 Error: authe
ntication failed: Invalid us
er or password! 1771395680-K
LT5wZJG1Os0[39m
ÔØî Mail sending failed: Inv
alid login: 535 5.7.8 Error:
 authentication failed: Inva
lid user or password! 177139
5680-KLT5wZJG1Os0
Response: 535 5.7.8 Error: a
uthentication failed: Invali
d user or password! 17713956
80-KLT5wZJG1Os0
