Testing client creation with empty strings...
node.exe : ÔØî Error creating client: {
At C:\Program Files\nodejs\npx.ps1:29 cha
r:3
+   & $NODE_EXE $NPX_CLI_JS $args
+   ~~~~~~~~~~~~~~~~~~~~~~~~~~~~~
    + CategoryInfo          : NotSpecifi 
   ed: (ÔØî Error creating client: {:St  
  ring) [], RemoteException
    + FullyQualifiedErrorId : NativeComm 
   andError
 
  code: 'PGRST204',
  details: null,
  hint: null,
  message: "Could not find the 'called_ph
one' column of 'clients' in the schema ca
che"
}
